<?xml version="1.0" encoding="utf-8"?><testsuites><testsuite name="pytest" errors="0" failures="0" skipped="0" tests="5" time="0.024" timestamp="2025-05-22T00:33:29.366281+00:00" hostname="CPC-singh-G79FX"><testcase classname="tests" name="test_add_positive_numbers" time="0.001" /><testcase classname="tests" name="test_add_negative_numbers" time="0.000" /><testcase classname="tests" name="test_add_positive_and_negative" time="0.000" /><testcase classname="tests" name="test_add_zero" time="0.000" /><testcase classname="tests" name="test_add_floats" time="0.000" /></testsuite></testsuites>